Microchip MPLAB XC8 Compiler V2.36

Linker command line:

-W-3 --edf=C:\Program Files\Microchip\xc8\v2.36\pic\dat\en_msgs.txt -cn \
  -h+dist/default/production\LIB_LCD_I2C.X.production.sym \
  --cmf=dist/default/production\LIB_LCD_I2C.X.production.cmf -z -Q18F4550 \
  -oC:\Users\Diego\AppData\Local\Temp\xcAs8fk.4 --defsym=__MPLAB_BUILD=1 \
  -Mdist/default/production/LIB_LCD_I2C.X.production.map \
  --md=C:\Users\Diego\AppData\Local\Temp\xcAs8fk.dat -E1 -ver=XC8 Compiler \
  --acfsm=1493 -ACODE=00h-07FFFh -ACONST=00h-07FFFh \
  -ASMALLCONST=0800h-08FFhx120 -AMEDIUMCONST=0800h-07FFFh -ACOMRAM=01h-05Fh \
  -AABS1=00h-07FFh -ABIGRAM=01h-07FFh -ARAM=060h-0FFh,0100h-01FFhx7 \
  -ABANK0=060h-0FFh -ABANK1=0100h-01FFh -ABANK2=0200h-02FFh \
  -ABANK3=0300h-03FFh -ABANK4=0400h-04FFh -ABANK5=0500h-05FFh \
  -ABANK6=0600h-06FFh -ABANK7=0700h-07FFh -ASFR=0F60h-0FFFh \
  -ABIGSFR=0F60h-0FFFh -ACONFIG=0300000h-030000Dh -AIDLOC=0200000h-0200007h \
  -AEEDATA=0F00000h-0F000FFh -peeprom_data=EEDATA \
  -preset_vec=00h,intcode,intcodelo,powerup,init -pramtop=0800h \
  -psmallconst=SMALLCONST -pmediumconst=MEDIUMCONST -pconst=CONST \
  -AFARRAM=00h-00h \
  -prdata=COMRAM,nvrram=COMRAM,nvbit=COMRAM,rbss=COMRAM,rbit=COMRAM \
  -pfarbss=FARRAM,fardata=FARRAM,nvFARRAM=FARRAM \
  -pintsave_regs=BIGRAM,bigbss=BIGRAM,bigdata=BIGRAM -pbss=RAM \
  -pidata=CODE,irdata=CODE,ibigdata=CODE,ifardata=CODE -prparam=COMRAM \
  C:\Users\Diego\AppData\Local\Temp\xcAs8fk.o \
  dist/default/production\LIB_LCD_I2C.X.production.o 

Object code version is 3.11

Machine type is 18F4550



                Name                               Link     Load   Length Selector   Space Scale
C:\Users\Diego\AppData\Local\Temp\xcAs8fk.o
                idloc                            200000   200000        8        0       5
                config                           300000   300000        E        0       4
                init                                  0        0        4        0       0
dist/default/production\LIB_LCD_I2C.X.production.o
                idloc                            200000   200000        8        0       5
                config                           300000   300000        E        0       4
                smallconst                          800      800       16      400       0
                text16                              9B0      9B0       A4      40B       0
                text15                              AE8      AE8       5C      40B       0
                text14                              C78      C78       26      40B       0
                text13                              D08      D08       18      40B       0
                text12                              C9E      C9E       22      40B       0
                text11                              D20      D20       12      40B       0
                text10                              BC4      BC4       3E      40B       0
                text9                               CF0      CF0       18      40B       0
                text8                               C3E      C3E       3A      40B       0
                text7                               B86      B86       3E      40B       0
                text6                               816      816       DA      40B       0
                text5                               B44      B44       42      40B       0
                text4                               CD8      CD8       18      40B       0
                text3                               C02      C02       3C      40B       0
                text2                               CC0      CC0       18      40B       0
                text1                               A54      A54       94      40B       0
                text0                               8F0      8F0       C0      40B       0
                cstackCOMRAM                          1        1       19        1       1
                cinit                               D32      D32        A      40B       0

TOTAL           Name                               Link     Load   Length     Space
        CLASS   CODE           
                init                                  0        0        4         0
                text16                              9B0      9B0       A4         0
                text15                              AE8      AE8       5C         0
                text14                              C78      C78       26         0
                text13                              D08      D08       18         0
                text12                              C9E      C9E       22         0
                text11                              D20      D20       12         0
                text10                              BC4      BC4       3E         0
                text9                               CF0      CF0       18         0
                text8                               C3E      C3E       3A         0
                text7                               B86      B86       3E         0
                text6                               816      816       DA         0
                text5                               B44      B44       42         0
                text4                               CD8      CD8       18         0
                text3                               C02      C02       3C         0
                text2                               CC0      CC0       18         0
                text1                               A54      A54       94         0
                text0                               8F0      8F0       C0         0
                cinit                               D32      D32        A         0

        CLASS   CONST          

        CLASS   SMALLCONST     
                smallconst                          800      800       16         0

        CLASS   MEDIUMCONST    

        CLASS   COMRAM         
                cstackCOMRAM                          1        1       19         1

        CLASS   ABS1           

        CLASS   BIGRAM         

        CLASS   RAM            

        CLASS   BANK0          

        CLASS   BANK1          

        CLASS   BANK2          

        CLASS   BANK3          

        CLASS   BANK4          

        CLASS   BANK5          

        CLASS   BANK6          

        CLASS   BANK7          

        CLASS   SFR            

        CLASS   BIGSFR         

        CLASS   CONFIG         
                config                           300000   300000        E         4

        CLASS   IDLOC          
                idloc                            200000   200000        8         5

        CLASS   EEDATA         

        CLASS   FARRAM         

        CLASS   HEAP           

        CLASS   STACK          



SEGMENTS        Name                           Load    Length   Top    Selector   Space  Class

                reset_vec                      000000  000004  000004         0       0  CODE    
                cstackCOMRAM                   000001  000019  00001A         1       1  COMRAM  
                smallconst                     000800  000016  000816       400       0  SMALLCON
                text6                          000816  000526  000D3C       40B       0  CODE    


UNUSED ADDRESS RANGES

        Name                Unused          Largest block    Delta
        BANK0            000060-0000FF               A0
        BANK1            000100-0001FF              100
        BANK2            000200-0002FF              100
        BANK3            000300-0003FF              100
        BANK4            000400-0004FF              100
        BANK5            000500-0005FF              100
        BANK6            000600-0006FF              100
        BANK7            000700-0007FF              100
        BIGRAM           00001A-0007FF              7E6
        BIGSFR           000F60-000FFF               A0
        CODE             000004-0007FF              7FC
                         000D3C-007FFF             72C4
        COMRAM           00001A-00005F               46
        CONST            000004-0007FF              7FC
                         000D3C-007FFF             72C4
        EEDATA           F00000-F000FF              100
        MEDIUMCONST      000D3C-007FFF             72C4
        RAM              000060-0007FF              100
        SFR              000F60-000FFF               A0
        SMALLCONST       000D3C-007FFF              100

                                  Symbol Table

?___lldiv                    cstackCOMRAM 000001
I2C_Init_Master@speed_master cstackCOMRAM 00000E
I2C_Lcd_Char@dir             cstackCOMRAM 00000D
I2C_Lcd_Char@letra           cstackCOMRAM 00000C
I2C_Lcd_Cmd@cmd              cstackCOMRAM 00000C
I2C_Lcd_Cmd@dir              cstackCOMRAM 00000D
I2C_Lcd_Init@dir             cstackCOMRAM 000017
I2C_Lcd_String@dir           cstackCOMRAM 000010
I2C_Lcd_String@text          cstackCOMRAM 00000E
I2C_Lcd_XY@dir               cstackCOMRAM 000012
I2C_Lcd_XY@x                 cstackCOMRAM 00000F
I2C_Lcd_XY@y                 cstackCOMRAM 00000E
I2C_Write_Data@dato          cstackCOMRAM 000002
WritePCF@Dir                 cstackCOMRAM 000004
WritePCF@dato                cstackCOMRAM 000003
_ACKSTAT                     (abs)        007E2E
_ADCON1                      (abs)        000FC1
_I2C_Idle                    text14       000C78
_I2C_Init_Master             text15       000AE8
_I2C_Lcd_Char                text4        000CD8
_I2C_Lcd_Cmd                 text2        000CC0
_I2C_Lcd_Init                text6        000816
_I2C_Lcd_String              text3        000C02
_I2C_Lcd_XY                  text1        000A54
_I2C_Restart                 text11       000D20
_I2C_Start                   text13       000D08
_I2C_Stop                    text12       000C9E
_I2C_Write_Data              text10       000BC4
_SEN                         (abs)        007E28
_SSPADD                      (abs)        000FC8
_SSPBUF                      (abs)        000FC9
_SSPCON1                     (abs)        000FC6
_SSPCON2                     (abs)        000FC5
_SSPCON2bits                 (abs)        000FC5
_SSPSTAT                     (abs)        000FC7
_SSPSTATbits                 (abs)        000FC7
_TRISB                       (abs)        000F93
_WritePCF                    text9        000CF0
__HRAM                       (abs)        000000
__Habs1                      abs1         000000
__Hbank0                     bank0        000000
__Hbank1                     bank1        000000
__Hbank2                     bank2        000000
__Hbank3                     bank3        000000
__Hbank4                     bank4        000000
__Hbank5                     bank5        000000
__Hbank6                     bank6        000000
__Hbank7                     bank7        000000
__Hbigbss                    bigbss       000000
__Hbigdata                   bigdata      000000
__Hbigram                    bigram       000000
__Hbigsfr                    bigsfr       000000
__Hbss                       bss          000000
__Hcinit                     cinit        000000
__Hclrtext                   clrtext      000000
__Hcomram                    comram       000000
__Hconfig                    config       30000E
__Hconst                     const        000000
__HcstackCOMRAM              cstackCOMRAM 000000
__Hdata                      data         000000
__Heeprom_data               eeprom_data  000000
__Hfarbss                    farbss       000000
__Hfardata                   fardata      000000
__Hheap                      heap         000000
__Hibigdata                  ibigdata     000000
__Hidata                     idata        000000
__Hidloc                     idloc        200008
__Hifardata                  ifardata     000000
__Hinit                      init         000004
__Hintcode                   intcode      000000
__Hintcode_body              intcode_body 000000
__Hintcodelo                 intcodelo    000000
__Hintentry                  intentry     000000
__Hintret                    intret       000000
__Hintsave_regs              intsave_regs 000000
__Hirdata                    irdata       000000
__Hmediumconst               mediumconst  000000
__HnvFARRAM                  nvFARRAM     000000
__Hnvbit                     nvbit        000000
__Hnvrram                    nvrram       000000
__Hparam                     rparam       000000
__Hpowerup                   powerup      000000
__Hram                       ram          000000
__Hramtop                    ramtop       000800
__Hrbit                      rbit         000000
__Hrbss                      rbss         000000
__Hrdata                     rdata        000000
__Hreset_vec                 reset_vec    000000
__Hrparam                    rparam       000000
__Hsfr                       sfr          000000
__Hsmallconst                smallconst   000816
__Hspace_0                   (abs)        000D3C
__Hspace_1                   (abs)        00001A
__Hspace_2                   (abs)        000000
__Hspace_4                   (abs)        60000E
__Hstack                     stack        000000
__Hstruct                    struct       000000
__Htemp                      temp         000000
__Htext                      text         000000
__Htext0                     text0        000000
__Htext1                     text1        000000
__Htext10                    text10       000000
__Htext11                    text11       000000
__Htext12                    text12       000000
__Htext13                    text13       000000
__Htext14                    text14       000000
__Htext15                    text15       000000
__Htext16                    text16       000000
__Htext2                     text2        000000
__Htext3                     text3        000000
__Htext4                     text4        000000
__Htext5                     text5        000000
__Htext6                     text6        000000
__Htext7                     text7        000000
__Htext8                     text8        000000
__Htext9                     text9        000000
__LRAM                       (abs)        000001
__Labs1                      abs1         000000
__Lbank0                     bank0        000000
__Lbank1                     bank1        000000
__Lbank2                     bank2        000000
__Lbank3                     bank3        000000
__Lbank4                     bank4        000000
__Lbank5                     bank5        000000
__Lbank6                     bank6        000000
__Lbank7                     bank7        000000
__Lbigbss                    bigbss       000000
__Lbigdata                   bigdata      000000
__Lbigram                    bigram       000000
__Lbigsfr                    bigsfr       000000
__Lbss                       bss          000000
__Lcinit                     cinit        000000
__Lclrtext                   clrtext      000000
__Lcomram                    comram       000000
__Lconfig                    config       000000
__Lconst                     const        000000
__LcstackCOMRAM              cstackCOMRAM 000000
__Ldata                      data         000000
__Leeprom_data               eeprom_data  000000
__Lfarbss                    farbss       000000
__Lfardata                   fardata      000000
__Lheap                      heap         000000
__Libigdata                  ibigdata     000000
__Lidata                     idata        000000
__Lidloc                     idloc        000000
__Lifardata                  ifardata     000000
__Linit                      init         000000
__Lintcode                   intcode      000000
__Lintcode_body              intcode_body 000000
__Lintcodelo                 intcodelo    000000
__Lintentry                  intentry     000000
__Lintret                    intret       000000
__Lintsave_regs              intsave_regs 000000
__Lirdata                    irdata       000000
__Lmediumconst               mediumconst  000000
__LnvFARRAM                  nvFARRAM     000000
__Lnvbit                     nvbit        000000
__Lnvrram                    nvrram       000000
__Lparam                     rparam       000000
__Lpowerup                   powerup      000000
__Lram                       ram          000000
__Lramtop                    ramtop       000800
__Lrbit                      rbit         000000
__Lrbss                      rbss         000000
__Lrdata                     rdata        000000
__Lreset_vec                 reset_vec    000000
__Lrparam                    rparam       000000
__Lsfr                       sfr          000000
__Lsmallconst                smallconst   000800
__Lspace_0                   (abs)        000000
__Lspace_1                   (abs)        000000
__Lspace_2                   (abs)        000000
__Lspace_4                   (abs)        000000
__Lstack                     stack        000000
__Lstruct                    struct       000000
__Ltemp                      temp         000000
__Ltext                      text         000000
__Ltext0                     text0        000000
__Ltext1                     text1        000000
__Ltext10                    text10       000000
__Ltext11                    text11       000000
__Ltext12                    text12       000000
__Ltext13                    text13       000000
__Ltext14                    text14       000000
__Ltext15                    text15       000000
__Ltext16                    text16       000000
__Ltext2                     text2        000000
__Ltext3                     text3        000000
__Ltext4                     text4        000000
__Ltext5                     text5        000000
__Ltext6                     text6        000000
__Ltext7                     text7        000000
__Ltext8                     text8        000000
__Ltext9                     text9        000000
__S0                         (abs)        000D3C
__S1                         (abs)        00001A
__S4                         (abs)        000000
__S5                         (abs)        000000
___heap_hi                   (abs)        000000
___heap_lo                   (abs)        000000
___inthi_sp                  stack        000000
___intlo_sp                  stack        000000
___lldiv                     text16       0009B0
___lldiv@counter             cstackCOMRAM 00000D
___lldiv@dividend            cstackCOMRAM 000001
___lldiv@divisor             cstackCOMRAM 000005
___lldiv@quotient            cstackCOMRAM 000009
___param_bank                (abs)        000000
___rparam_used               (abs)        000001
___sp                        stack        000000
__accesstop                  (abs)        000060
__activetblptr               (abs)        000002
__end_of_I2C_Idle            text14       000C9E
__end_of_I2C_Init_Master     text15       000B44
__end_of_I2C_Lcd_Char        text4        000CF0
__end_of_I2C_Lcd_Cmd         text2        000CD8
__end_of_I2C_Lcd_Init        text6        0008F0
__end_of_I2C_Lcd_String      text3        000C3E
__end_of_I2C_Lcd_XY          text1        000AE8
__end_of_I2C_Restart         text11       000D32
__end_of_I2C_Start           text13       000D20
__end_of_I2C_Stop            text12       000CC0
__end_of_I2C_Write_Data      text10       000C02
__end_of_WritePCF            text9        000D08
__end_of___lldiv             text16       000A54
__end_of__initialization     cinit        000D32
__end_of_cmd_LCD             text7        000BC4
__end_of_dato_LCD            text5        000B86
__end_of_main                text0        0009B0
__end_of_write_data          text8        000C78
__initialization             cinit        000D32
__mediumconst                mediumconst  000000
__pcinit                     cinit        000D32
__pcstackCOMRAM              cstackCOMRAM 000001
__psmallconst                smallconst   000800
__ptext0                     text0        0008F0
__ptext1                     text1        000A54
__ptext10                    text10       000BC4
__ptext11                    text11       000D20
__ptext12                    text12       000C9E
__ptext13                    text13       000D08
__ptext14                    text14       000C78
__ptext15                    text15       000AE8
__ptext16                    text16       0009B0
__ptext2                     text2        000CC0
__ptext3                     text3        000C02
__ptext4                     text4        000CD8
__ptext5                     text5        000B44
__ptext6                     text6        000816
__ptext7                     text7        000B86
__ptext8                     text8        000C3E
__ptext9                     text9        000CF0
__ramtop                     ramtop       000800
__smallconst                 smallconst   000800
_cmd_LCD                     text7        000B86
_dato_LCD                    text5        000B44
_main                        text0        0008F0
_write_data                  text8        000C3E
cmd_LCD@cmd                  cstackCOMRAM 000008
cmd_LCD@dato                 cstackCOMRAM 00000A
cmd_LCD@dir                  cstackCOMRAM 00000B
dato_LCD@cmd                 cstackCOMRAM 000008
dato_LCD@dato                cstackCOMRAM 00000A
dato_LCD@dir                 cstackCOMRAM 00000B
end_of_initialization        cinit        000D32
intlevel0                    text         000000
intlevel1                    text         000000
intlevel2                    text         000000
intlevel3                    text         000000
isa$std                      (abs)        000001
isa$xinst                    (abs)        000000
stackhi                      (abs)        000000
stacklo                      (abs)        000000
start                        init         000000
start_initialization         cinit        000D32
write_data@dato              cstackCOMRAM 000005
write_data@dir               cstackCOMRAM 000007


MODULE INFORMATION

Module		Function		Class		Link	Load	Size
I2C_LCD_Lib.c
		_write_data    		CODE           	0C3E	0000	58
		_I2C_Lcd_String		CODE           	0C02	0000	60
		_I2C_Init_Master		CODE           	0AE8	0000	92
		_I2C_Idle      		CODE           	0C78	0000	38
		_dato_LCD      		CODE           	0B44	0000	66
		_I2C_Stop      		CODE           	0C9E	0000	34
		_I2C_Write_Data		CODE           	0BC4	0000	62
		_cmd_LCD       		CODE           	0B86	0000	62
		_I2C_Start     		CODE           	0D08	0000	24
		_I2C_Lcd_XY    		CODE           	0A54	0000	148
		_WritePCF      		CODE           	0CF0	0000	24
		_I2C_Lcd_Cmd   		CODE           	0CC0	0000	24
		_I2C_Lcd_Char  		CODE           	0CD8	0000	24
		_I2C_Lcd_Init  		CODE           	0816	0000	218
		_I2C_Restart   		CODE           	0D20	0000	18

I2C_LCD_Lib.c estimated size: 952

C:\Program Files\Microchip\xc8\v2.36\pic\sources\c99\common\__lldiv.c
		___lldiv       		CODE           	09B0	0000	164

C:\Program Files\Microchip\xc8\v2.36\pic\sources\c99\common\__lldiv.c estimated size: 164

shared
		__initialization		CODE           	0D32	0000	1

shared estimated size: 1

main.c
		_main          		CODE           	08F0	0000	192

main.c estimated size: 192

