Microchip MPLAB XC8 Compiler V2.36

Linker command line:

-W-3 --edf=C:\Program Files\Microchip\xc8\v2.36\pic\dat\en_msgs.txt -cn \
  -h+dist/default/production\MODULO_LCD.X.production.sym \
  --cmf=dist/default/production\MODULO_LCD.X.production.cmf -z -Q18F4550 \
  -oC:\Users\Diego\AppData\Local\Temp\xcAscps.4 --defsym=__MPLAB_BUILD=1 \
  -Mdist/default/production/MODULO_LCD.X.production.map \
  --md=C:\Users\Diego\AppData\Local\Temp\xcAscps.dat -E1 -ver=XC8 Compiler \
  --acfsm=1493 -ACODE=00h-07FFFh -ACONST=00h-07FFFh \
  -ASMALLCONST=0800h-08FFhx120 -AMEDIUMCONST=0800h-07FFFh -ACOMRAM=01h-05Fh \
  -AABS1=00h-07FFh -ABIGRAM=01h-07FFh -ARAM=060h-0FFh,0100h-01FFhx7 \
  -ABANK0=060h-0FFh -ABANK1=0100h-01FFh -ABANK2=0200h-02FFh \
  -ABANK3=0300h-03FFh -ABANK4=0400h-04FFh -ABANK5=0500h-05FFh \
  -ABANK6=0600h-06FFh -ABANK7=0700h-07FFh -ASFR=0F60h-0FFFh \
  -ABIGSFR=0F60h-0FFFh -ACONFIG=0300000h-030000Dh -AIDLOC=0200000h-0200007h \
  -AEEDATA=0F00000h-0F000FFh -peeprom_data=EEDATA \
  -preset_vec=00h,intcode,intcodelo,powerup,init -pramtop=0800h \
  -psmallconst=SMALLCONST -pmediumconst=MEDIUMCONST -pconst=CONST \
  -AFARRAM=00h-00h \
  -prdata=COMRAM,nvrram=COMRAM,nvbit=COMRAM,rbss=COMRAM,rbit=COMRAM \
  -pfarbss=FARRAM,fardata=FARRAM,nvFARRAM=FARRAM \
  -pintsave_regs=BIGRAM,bigbss=BIGRAM,bigdata=BIGRAM -pbss=RAM \
  -pidata=CODE,irdata=CODE,ibigdata=CODE,ifardata=CODE -prparam=COMRAM \
  C:\Users\Diego\AppData\Local\Temp\xcAscps.o \
  dist/default/production\MODULO_LCD.X.production.o 

Object code version is 3.11

Machine type is 18F4550



                Name                               Link     Load   Length Selector   Space Scale
C:\Users\Diego\AppData\Local\Temp\xcAscps.o
                idloc                            200000   200000        8        0       5
                config                           300000   300000        E        0       4
                init                                  0        0        4        0       0
dist/default/production\MODULO_LCD.X.production.o
                idloc                            200000   200000        8        0       5
                config                           300000   300000        E        0       4
                smallconst                          800      800        E      400       0
                text15                              9B2      9B2       A4      407       0
                text14                              B70      B70       5C      407       0
                text13                              C40      C40       26      407       0
                text12                              CBE      CBE       18      407       0
                text11                              C66      C66       22      407       0
                text10                              CFE      CFE       12      407       0
                text9                               BCC      BCC       3E      407       0
                text8                               CA4      CA4       1A      407       0
                text7                               8FA      8FA       B8      407       0
                text6                               C88      C88       1C      407       0
                text5                               80E      80E       EC      407       0
                text4                               CEA      CEA       14      407       0
                text3                               C0A      C0A       36      407       0
                text2                               CD6      CD6       14      407       0
                text1                               AE6      AE6       8A      407       0
                text0                               A56      A56       90      407       0
                cstackCOMRAM                          1        1       19        1       1
                cinit                               D10      D10        A      407       0

TOTAL           Name                               Link     Load   Length     Space
        CLASS   CODE           
                init                                  0        0        4         0
                text15                              9B2      9B2       A4         0
                text14                              B70      B70       5C         0
                text13                              C40      C40       26         0
                text12                              CBE      CBE       18         0
                text11                              C66      C66       22         0
                text10                              CFE      CFE       12         0
                text9                               BCC      BCC       3E         0
                text8                               CA4      CA4       1A         0
                text7                               8FA      8FA       B8         0
                text6                               C88      C88       1C         0
                text5                               80E      80E       EC         0
                text4                               CEA      CEA       14         0
                text3                               C0A      C0A       36         0
                text2                               CD6      CD6       14         0
                text1                               AE6      AE6       8A         0
                text0                               A56      A56       90         0
                cinit                               D10      D10        A         0

        CLASS   CONST          

        CLASS   SMALLCONST     
                smallconst                          800      800        E         0

        CLASS   MEDIUMCONST    

        CLASS   COMRAM         
                cstackCOMRAM                          1        1       19         1

        CLASS   ABS1           

        CLASS   BIGRAM         

        CLASS   RAM            

        CLASS   BANK0          

        CLASS   BANK1          

        CLASS   BANK2          

        CLASS   BANK3          

        CLASS   BANK4          

        CLASS   BANK5          

        CLASS   BANK6          

        CLASS   BANK7          

        CLASS   SFR            

        CLASS   BIGSFR         

        CLASS   CONFIG         
                config                           300000   300000        E         4

        CLASS   IDLOC          
                idloc                            200000   200000        8         5

        CLASS   EEDATA         

        CLASS   FARRAM         

        CLASS   HEAP           

        CLASS   STACK          



SEGMENTS        Name                           Load    Length   Top    Selector   Space  Class

                reset_vec                      000000  000004  000004         0       0  CODE    
                cstackCOMRAM                   000001  000019  00001A         1       1  COMRAM  
                smallconst                     000800  00000E  00080E       400       0  SMALLCON
                text5                          00080E  00050C  000D1A       407       0  CODE    


UNUSED ADDRESS RANGES

        Name                Unused          Largest block    Delta
        BANK0            000060-0000FF               A0
        BANK1            000100-0001FF              100
        BANK2            000200-0002FF              100
        BANK3            000300-0003FF              100
        BANK4            000400-0004FF              100
        BANK5            000500-0005FF              100
        BANK6            000600-0006FF              100
        BANK7            000700-0007FF              100
        BIGRAM           00001A-0007FF              7E6
        BIGSFR           000F60-000FFF               A0
        CODE             000004-0007FF              7FC
                         000D1A-007FFF             72E6
        COMRAM           00001A-00005F               46
        CONST            000004-0007FF              7FC
                         000D1A-007FFF             72E6
        EEDATA           F00000-F000FF              100
        MEDIUMCONST      000D1A-007FFF             72E6
        RAM              000060-0007FF              100
        SFR              000F60-000FFF               A0
        SMALLCONST       000D1A-007FFF              100

                                  Symbol Table

?___lldiv                    cstackCOMRAM 000001
I2C_Init_Master@speed_master cstackCOMRAM 00000E
I2C_LCD_Char@letra           cstackCOMRAM 000009
I2C_LCD_Cmd@cmd              cstackCOMRAM 000009
I2C_LCD_Init@i               cstackCOMRAM 000017
I2C_LCD_String@text          cstackCOMRAM 00000A
I2C_LCD_XY@x                 cstackCOMRAM 00000A
I2C_LCD_XY@y                 cstackCOMRAM 00000D
I2C_Write_Data@dato          cstackCOMRAM 000002
WritePCF@dato                cstackCOMRAM 000003
_ACKSTAT                     (abs)        007E2E
_ADCON1                      (abs)        000FC1
_I2C_Idle                    text13       000C40
_I2C_Init_Master             text14       000B70
_I2C_LCD_Char                text4        000CEA
_I2C_LCD_Cmd                 text2        000CD6
_I2C_LCD_Init                text5        00080E
_I2C_LCD_String              text3        000C0A
_I2C_LCD_XY                  text1        000AE6
_I2C_Restart                 text10       000CFE
_I2C_Start                   text12       000CBE
_I2C_Stop                    text11       000C66
_I2C_Write_Data              text9        000BCC
_SEN                         (abs)        007E28
_SSPADD                      (abs)        000FC8
_SSPBUF                      (abs)        000FC9
_SSPCON1                     (abs)        000FC6
_SSPCON2                     (abs)        000FC5
_SSPCON2bits                 (abs)        000FC5
_SSPSTAT                     (abs)        000FC7
_SSPSTATbits                 (abs)        000FC7
_TRISB                       (abs)        000F93
_WritePCF                    text8        000CA4
__HRAM                       (abs)        000000
__Habs1                      abs1         000000
__Hbank0                     bank0        000000
__Hbank1                     bank1        000000
__Hbank2                     bank2        000000
__Hbank3                     bank3        000000
__Hbank4                     bank4        000000
__Hbank5                     bank5        000000
__Hbank6                     bank6        000000
__Hbank7                     bank7        000000
__Hbigbss                    bigbss       000000
__Hbigdata                   bigdata      000000
__Hbigram                    bigram       000000
__Hbigsfr                    bigsfr       000000
__Hbss                       bss          000000
__Hcinit                     cinit        000000
__Hclrtext                   clrtext      000000
__Hcomram                    comram       000000
__Hconfig                    config       30000E
__Hconst                     const        000000
__HcstackCOMRAM              cstackCOMRAM 000000
__Hdata                      data         000000
__Heeprom_data               eeprom_data  000000
__Hfarbss                    farbss       000000
__Hfardata                   fardata      000000
__Hheap                      heap         000000
__Hibigdata                  ibigdata     000000
__Hidata                     idata        000000
__Hidloc                     idloc        200008
__Hifardata                  ifardata     000000
__Hinit                      init         000004
__Hintcode                   intcode      000000
__Hintcode_body              intcode_body 000000
__Hintcodelo                 intcodelo    000000
__Hintentry                  intentry     000000
__Hintret                    intret       000000
__Hintsave_regs              intsave_regs 000000
__Hirdata                    irdata       000000
__Hmediumconst               mediumconst  000000
__HnvFARRAM                  nvFARRAM     000000
__Hnvbit                     nvbit        000000
__Hnvrram                    nvrram       000000
__Hparam                     rparam       000000
__Hpowerup                   powerup      000000
__Hram                       ram          000000
__Hramtop                    ramtop       000800
__Hrbit                      rbit         000000
__Hrbss                      rbss         000000
__Hrdata                     rdata        000000
__Hreset_vec                 reset_vec    000000
__Hrparam                    rparam       000000
__Hsfr                       sfr          000000
__Hsmallconst                smallconst   00080E
__Hspace_0                   (abs)        000D1A
__Hspace_1                   (abs)        00001A
__Hspace_2                   (abs)        000000
__Hspace_4                   (abs)        60000E
__Hstack                     stack        000000
__Hstruct                    struct       000000
__Htemp                      temp         000000
__Htext                      text         000000
__Htext0                     text0        000000
__Htext1                     text1        000000
__Htext10                    text10       000000
__Htext11                    text11       000000
__Htext12                    text12       000000
__Htext13                    text13       000000
__Htext14                    text14       000000
__Htext15                    text15       000000
__Htext2                     text2        000000
__Htext3                     text3        000000
__Htext4                     text4        000000
__Htext5                     text5        000000
__Htext6                     text6        000000
__Htext7                     text7        000000
__Htext8                     text8        000000
__Htext9                     text9        000000
__LRAM                       (abs)        000001
__Labs1                      abs1         000000
__Lbank0                     bank0        000000
__Lbank1                     bank1        000000
__Lbank2                     bank2        000000
__Lbank3                     bank3        000000
__Lbank4                     bank4        000000
__Lbank5                     bank5        000000
__Lbank6                     bank6        000000
__Lbank7                     bank7        000000
__Lbigbss                    bigbss       000000
__Lbigdata                   bigdata      000000
__Lbigram                    bigram       000000
__Lbigsfr                    bigsfr       000000
__Lbss                       bss          000000
__Lcinit                     cinit        000000
__Lclrtext                   clrtext      000000
__Lcomram                    comram       000000
__Lconfig                    config       000000
__Lconst                     const        000000
__LcstackCOMRAM              cstackCOMRAM 000000
__Ldata                      data         000000
__Leeprom_data               eeprom_data  000000
__Lfarbss                    farbss       000000
__Lfardata                   fardata      000000
__Lheap                      heap         000000
__Libigdata                  ibigdata     000000
__Lidata                     idata        000000
__Lidloc                     idloc        000000
__Lifardata                  ifardata     000000
__Linit                      init         000000
__Lintcode                   intcode      000000
__Lintcode_body              intcode_body 000000
__Lintcodelo                 intcodelo    000000
__Lintentry                  intentry     000000
__Lintret                    intret       000000
__Lintsave_regs              intsave_regs 000000
__Lirdata                    irdata       000000
__Lmediumconst               mediumconst  000000
__LnvFARRAM                  nvFARRAM     000000
__Lnvbit                     nvbit        000000
__Lnvrram                    nvrram       000000
__Lparam                     rparam       000000
__Lpowerup                   powerup      000000
__Lram                       ram          000000
__Lramtop                    ramtop       000800
__Lrbit                      rbit         000000
__Lrbss                      rbss         000000
__Lrdata                     rdata        000000
__Lreset_vec                 reset_vec    000000
__Lrparam                    rparam       000000
__Lsfr                       sfr          000000
__Lsmallconst                smallconst   000800
__Lspace_0                   (abs)        000000
__Lspace_1                   (abs)        000000
__Lspace_2                   (abs)        000000
__Lspace_4                   (abs)        000000
__Lstack                     stack        000000
__Lstruct                    struct       000000
__Ltemp                      temp         000000
__Ltext                      text         000000
__Ltext0                     text0        000000
__Ltext1                     text1        000000
__Ltext10                    text10       000000
__Ltext11                    text11       000000
__Ltext12                    text12       000000
__Ltext13                    text13       000000
__Ltext14                    text14       000000
__Ltext15                    text15       000000
__Ltext2                     text2        000000
__Ltext3                     text3        000000
__Ltext4                     text4        000000
__Ltext5                     text5        000000
__Ltext6                     text6        000000
__Ltext7                     text7        000000
__Ltext8                     text8        000000
__Ltext9                     text9        000000
__S0                         (abs)        000D1A
__S1                         (abs)        00001A
__S4                         (abs)        000000
__S5                         (abs)        000000
___heap_hi                   (abs)        000000
___heap_lo                   (abs)        000000
___inthi_sp                  stack        000000
___intlo_sp                  stack        000000
___lldiv                     text15       0009B2
___lldiv@counter             cstackCOMRAM 00000D
___lldiv@dividend            cstackCOMRAM 000001
___lldiv@divisor             cstackCOMRAM 000005
___lldiv@quotient            cstackCOMRAM 000009
___param_bank                (abs)        000000
___rparam_used               (abs)        000001
___sp                        stack        000000
__accesstop                  (abs)        000060
__activetblptr               (abs)        000002
__end_of_I2C_Idle            text13       000C66
__end_of_I2C_Init_Master     text14       000BCC
__end_of_I2C_LCD_Char        text4        000CFE
__end_of_I2C_LCD_Cmd         text2        000CEA
__end_of_I2C_LCD_Init        text5        0008FA
__end_of_I2C_LCD_String      text3        000C40
__end_of_I2C_LCD_XY          text1        000B70
__end_of_I2C_Restart         text10       000D10
__end_of_I2C_Start           text12       000CD6
__end_of_I2C_Stop            text11       000C88
__end_of_I2C_Write_Data      text9        000C0A
__end_of_WritePCF            text8        000CBE
__end_of___lldiv             text15       000A56
__end_of__initialization     cinit        000D10
__end_of_dato_LCD            text7        0009B2
__end_of_main                text0        000AE6
__end_of_trama_LCD           text6        000CA4
__initialization             cinit        000D10
__mediumconst                mediumconst  000000
__pcinit                     cinit        000D10
__pcstackCOMRAM              cstackCOMRAM 000001
__psmallconst                smallconst   000800
__ptext0                     text0        000A56
__ptext1                     text1        000AE6
__ptext10                    text10       000CFE
__ptext11                    text11       000C66
__ptext12                    text12       000CBE
__ptext13                    text13       000C40
__ptext14                    text14       000B70
__ptext15                    text15       0009B2
__ptext2                     text2        000CD6
__ptext3                     text3        000C0A
__ptext4                     text4        000CEA
__ptext5                     text5        00080E
__ptext6                     text6        000C88
__ptext7                     text7        0008FA
__ptext8                     text8        000CA4
__ptext9                     text9        000BCC
__ramtop                     ramtop       000800
__smallconst                 smallconst   000800
_dato_LCD                    text7        0008FA
_main                        text0        000A56
_trama_LCD                   text6        000C88
dato_LCD@cmd                 cstackCOMRAM 000004
dato_LCD@ctrl                cstackCOMRAM 000005
dato_LCD@dato                cstackCOMRAM 000006
end_of_initialization        cinit        000D10
intlevel0                    text         000000
intlevel1                    text         000000
intlevel2                    text         000000
intlevel3                    text         000000
isa$std                      (abs)        000001
isa$xinst                    (abs)        000000
stackhi                      (abs)        000000
stacklo                      (abs)        000000
start                        init         000000
start_initialization         cinit        000D10
trama_LCD@cmd                cstackCOMRAM 000007
trama_LCD@ctrl               cstackCOMRAM 000008


MODULE INFORMATION

Module		Function		Class		Link	Load	Size
LIB_PCF8574.c
		_I2C_LCD_String		CODE           	0C0A	0000	54
		_I2C_Init_Master		CODE           	0B70	0000	92
		_I2C_Idle      		CODE           	0C40	0000	38
		_dato_LCD      		CODE           	08FA	0000	184
		_I2C_Stop      		CODE           	0C66	0000	34
		_I2C_Write_Data		CODE           	0BCC	0000	62
		_I2C_LCD_XY    		CODE           	0AE6	0000	138
		_I2C_Start     		CODE           	0CBE	0000	24
		_I2C_LCD_Cmd   		CODE           	0CD6	0000	20
		_WritePCF      		CODE           	0CA4	0000	26
		_I2C_LCD_Char  		CODE           	0CEA	0000	20
		_I2C_LCD_Init  		CODE           	080E	0000	236
		_trama_LCD     		CODE           	0C88	0000	28
		_I2C_Restart   		CODE           	0CFE	0000	18

LIB_PCF8574.c estimated size: 974

C:\Program Files\Microchip\xc8\v2.36\pic\sources\c99\common\__lldiv.c
		___lldiv       		CODE           	09B2	0000	164

C:\Program Files\Microchip\xc8\v2.36\pic\sources\c99\common\__lldiv.c estimated size: 164

shared
		__initialization		CODE           	0D10	0000	1

shared estimated size: 1

main.c
		_main          		CODE           	0A56	0000	144

main.c estimated size: 144

