Microchip MPLAB XC8 Compiler V2.36

Linker command line:

-W-3 --edf=C:\Program Files\Microchip\xc8\v2.36\pic\dat\en_msgs.txt -cn \
  -h+dist/default/production\PCF8574_EXPANSOR.X.production.sym \
  --cmf=dist/default/production\PCF8574_EXPANSOR.X.production.cmf -z \
  -Q18F4550 -oC:\Users\Diego\AppData\Local\Temp\xcAsibg.4 \
  --defsym=__MPLAB_BUILD=1 \
  -Mdist/default/production/PCF8574_EXPANSOR.X.production.map \
  --md=C:\Users\Diego\AppData\Local\Temp\xcAsibg.dat -E1 -ver=XC8 Compiler \
  --acfsm=1493 -ACODE=00h-07FFFh -ACONST=00h-07FFFh \
  -ASMALLCONST=0800h-08FFhx120 -AMEDIUMCONST=0800h-07FFFh -ACOMRAM=01h-05Fh \
  -AABS1=00h-07FFh -ABIGRAM=01h-07FFh -ARAM=060h-0FFh,0100h-01FFhx7 \
  -ABANK0=060h-0FFh -ABANK1=0100h-01FFh -ABANK2=0200h-02FFh \
  -ABANK3=0300h-03FFh -ABANK4=0400h-04FFh -ABANK5=0500h-05FFh \
  -ABANK6=0600h-06FFh -ABANK7=0700h-07FFh -ASFR=0F60h-0FFFh \
  -ABIGSFR=0F60h-0FFFh -ACONFIG=0300000h-030000Dh -AIDLOC=0200000h-0200007h \
  -AEEDATA=0F00000h-0F000FFh -peeprom_data=EEDATA \
  -preset_vec=00h,intcode,intcodelo,powerup,init -pramtop=0800h \
  -psmallconst=SMALLCONST -pmediumconst=MEDIUMCONST -pconst=CONST \
  -AFARRAM=00h-00h \
  -prdata=COMRAM,nvrram=COMRAM,nvbit=COMRAM,rbss=COMRAM,rbit=COMRAM \
  -pfarbss=FARRAM,fardata=FARRAM,nvFARRAM=FARRAM \
  -pintsave_regs=BIGRAM,bigbss=BIGRAM,bigdata=BIGRAM -pbss=RAM \
  -pidata=CODE,irdata=CODE,ibigdata=CODE,ifardata=CODE -prparam=COMRAM \
  C:\Users\Diego\AppData\Local\Temp\xcAsibg.o \
  dist/default/production\PCF8574_EXPANSOR.X.production.o 

Object code version is 3.11

Machine type is 18F4550



                Name                               Link     Load   Length Selector   Space Scale
C:\Users\Diego\AppData\Local\Temp\xcAsibg.o
                idloc                            200000   200000        8        0       5
                config                           300000   300000        E        0       4
                init                                  0        0        4        0       0
dist/default/production\PCF8574_EXPANSOR.X.production.o
                idloc                            200000   200000        8        0       5
                config                           300000   300000        E        0       4
                text11                             7F5C     7F5C       A4     3FAE       0
                text10                             7EE8     7EE8       74     3F74       0
                text9                              7E20     7E20       26     3F10       0
                text8                              7D76     7D76       12     3EBB       0
                text7                              7D88     7D88       12     3EC4       0
                text6                              7DAC     7DAC       18     3ED6       0
                text5                              7DDC     7DDC       22     3EEE       0
                text4                              7D9A     7D9A       12     3ECD       0
                text3                              7E46     7E46       3E     3F23       0
                text2                              7DFE     7DFE       22     3EFF       0
                text1                              7DC4     7DC4       18     3EE2       0
                text0                              7E84     7E84       64     3F42       0
                cstackCOMRAM                          1        1       19        1       1
                cinit                              7D70     7D70        6     3EB8       0

TOTAL           Name                               Link     Load   Length     Space
        CLASS   CODE           
                init                                  0        0        4         0
                text11                             7F5C     7F5C       A4         0
                text10                             7EE8     7EE8       74         0
                text9                              7E20     7E20       26         0
                text8                              7D76     7D76       12         0
                text7                              7D88     7D88       12         0
                text6                              7DAC     7DAC       18         0
                text5                              7DDC     7DDC       22         0
                text4                              7D9A     7D9A       12         0
                text3                              7E46     7E46       3E         0
                text2                              7DFE     7DFE       22         0
                text1                              7DC4     7DC4       18         0
                text0                              7E84     7E84       64         0
                cinit                              7D70     7D70        6         0

        CLASS   CONST          

        CLASS   SMALLCONST     

        CLASS   MEDIUMCONST    

        CLASS   COMRAM         
                cstackCOMRAM                          1        1       19         1

        CLASS   ABS1           

        CLASS   BIGRAM         

        CLASS   RAM            

        CLASS   BANK0          

        CLASS   BANK1          

        CLASS   BANK2          

        CLASS   BANK3          

        CLASS   BANK4          

        CLASS   BANK5          

        CLASS   BANK6          

        CLASS   BANK7          

        CLASS   SFR            

        CLASS   BIGSFR         

        CLASS   CONFIG         
                config                           300000   300000        E         4

        CLASS   IDLOC          
                idloc                            200000   200000        8         5

        CLASS   EEDATA         

        CLASS   FARRAM         

        CLASS   HEAP           

        CLASS   STACK          



SEGMENTS        Name                           Load    Length   Top    Selector   Space  Class

                reset_vec                      000000  000004  000004         0       0  CODE    
                cstackCOMRAM                   000001  000019  00001A         1       1  COMRAM  
                cinit                          007D70  000006  007D76      3EB8       0  CODE    
                text8                          007D76  000012  007D88      3EBB       0  CODE    
                text7                          007D88  000012  007D9A      3EC4       0  CODE    
                text4                          007D9A  000012  007DAC      3ECD       0  CODE    
                text6                          007DAC  000018  007DC4      3ED6       0  CODE    
                text1                          007DC4  000018  007DDC      3EE2       0  CODE    
                text5                          007DDC  000022  007DFE      3EEE       0  CODE    
                text2                          007DFE  000022  007E20      3EFF       0  CODE    
                text9                          007E20  000026  007E46      3F10       0  CODE    
                text3                          007E46  00003E  007E84      3F23       0  CODE    
                text0                          007E84  000064  007EE8      3F42       0  CODE    
                text10                         007EE8  000074  007F5C      3F74       0  CODE    
                text11                         007F5C  0000A4  008000      3FAE       0  CODE    


UNUSED ADDRESS RANGES

        Name                Unused          Largest block    Delta
        BANK0            000060-0000FF               A0
        BANK1            000100-0001FF              100
        BANK2            000200-0002FF              100
        BANK3            000300-0003FF              100
        BANK4            000400-0004FF              100
        BANK5            000500-0005FF              100
        BANK6            000600-0006FF              100
        BANK7            000700-0007FF              100
        BIGRAM           00001A-0007FF              7E6
        BIGSFR           000F60-000FFF               A0
        CODE             000004-007D6F             7D6C
        COMRAM           00001A-00005F               46
        CONST            000004-007D6F             7D6C
        EEDATA           F00000-F000FF              100
        MEDIUMCONST      000800-007D6F             7570
        RAM              000060-0007FF              100
        SFR              000F60-000FFF               A0
        SMALLCONST       000800-007D6F              100

                                  Symbol Table

?___lldiv                    cstackCOMRAM 000001
I2C_Init_Master@interrupt_   cstackCOMRAM 000012
I2C_Init_Master@speed_master cstackCOMRAM 00000E
I2C_Read_Slave@dato          cstackCOMRAM 000002
I2C_Write_Data@dato          cstackCOMRAM 000002
ReadPCF@Dir                  cstackCOMRAM 000003
ReadPCF@Direcc_R             cstackCOMRAM 000004
ReadPCF@dato                 cstackCOMRAM 000005
WritePCF@Dir                 cstackCOMRAM 000004
WritePCF@dato                cstackCOMRAM 000003
_ACKDT                       (abs)        007E2D
_ACKEN                       (abs)        007E2C
_ACKSTAT                     (abs)        007E2E
_ADCON1                      (abs)        000FC1
_GIE                         (abs)        007F97
_I2C_Idle                    text9        007E20
_I2C_Init_Master             text10       007EE8
_I2C_Read_Slave              text7        007D88
_I2C_Reception               text8        007D76
_I2C_Restart                 text4        007D9A
_I2C_Start                   text6        007DAC
_I2C_Stop                    text5        007DDC
_I2C_Write_Data              text3        007E46
_LATD                        (abs)        000F8C
_PEIE                        (abs)        007F96
_RCEN                        (abs)        007E2B
_ReadPCF                     text2        007DFE
_SEN                         (abs)        007E28
_SSPADD                      (abs)        000FC8
_SSPBUF                      (abs)        000FC9
_SSPCON1                     (abs)        000FC6
_SSPCON2                     (abs)        000FC5
_SSPCON2bits                 (abs)        000FC5
_SSPIE                       (abs)        007CEB
_SSPIF                       (abs)        007CF3
_SSPSTAT                     (abs)        000FC7
_SSPSTATbits                 (abs)        000FC7
_TRISB                       (abs)        000F93
_TRISB0                      (abs)        007C98
_TRISB1                      (abs)        007C99
_TRISD                       (abs)        000F95
_WritePCF                    text1        007DC4
__HRAM                       (abs)        000000
__Habs1                      abs1         000000
__Hbank0                     bank0        000000
__Hbank1                     bank1        000000
__Hbank2                     bank2        000000
__Hbank3                     bank3        000000
__Hbank4                     bank4        000000
__Hbank5                     bank5        000000
__Hbank6                     bank6        000000
__Hbank7                     bank7        000000
__Hbigbss                    bigbss       000000
__Hbigdata                   bigdata      000000
__Hbigram                    bigram       000000
__Hbigsfr                    bigsfr       000000
__Hbss                       bss          000000
__Hcinit                     cinit        000000
__Hclrtext                   clrtext      000000
__Hcomram                    comram       000000
__Hconfig                    config       30000E
__Hconst                     const        000000
__HcstackCOMRAM              cstackCOMRAM 000000
__Hdata                      data         000000
__Heeprom_data               eeprom_data  000000
__Hfarbss                    farbss       000000
__Hfardata                   fardata      000000
__Hheap                      heap         000000
__Hibigdata                  ibigdata     000000
__Hidata                     idata        000000
__Hidloc                     idloc        200008
__Hifardata                  ifardata     000000
__Hinit                      init         000004
__Hintcode                   intcode      000000
__Hintcode_body              intcode_body 000000
__Hintcodelo                 intcodelo    000000
__Hintentry                  intentry     000000
__Hintret                    intret       000000
__Hintsave_regs              intsave_regs 000000
__Hirdata                    irdata       000000
__Hmediumconst               mediumconst  000000
__HnvFARRAM                  nvFARRAM     000000
__Hnvbit                     nvbit        000000
__Hnvrram                    nvrram       000000
__Hparam                     rparam       000000
__Hpowerup                   powerup      000000
__Hram                       ram          000000
__Hramtop                    ramtop       000800
__Hrbit                      rbit         000000
__Hrbss                      rbss         000000
__Hrdata                     rdata        000000
__Hreset_vec                 reset_vec    000000
__Hrparam                    rparam       000000
__Hsfr                       sfr          000000
__Hsmallconst                smallconst   000000
__Hspace_0                   (abs)        008000
__Hspace_1                   (abs)        00001A
__Hspace_2                   (abs)        000000
__Hspace_4                   (abs)        60000E
__Hstack                     stack        000000
__Hstruct                    struct       000000
__Htemp                      temp         000000
__Htext                      text         000000
__Htext0                     text0        000000
__Htext1                     text1        000000
__Htext10                    text10       000000
__Htext11                    text11       000000
__Htext2                     text2        000000
__Htext3                     text3        000000
__Htext4                     text4        000000
__Htext5                     text5        000000
__Htext6                     text6        000000
__Htext7                     text7        000000
__Htext8                     text8        000000
__Htext9                     text9        000000
__LRAM                       (abs)        000001
__Labs1                      abs1         000000
__Lbank0                     bank0        000000
__Lbank1                     bank1        000000
__Lbank2                     bank2        000000
__Lbank3                     bank3        000000
__Lbank4                     bank4        000000
__Lbank5                     bank5        000000
__Lbank6                     bank6        000000
__Lbank7                     bank7        000000
__Lbigbss                    bigbss       000000
__Lbigdata                   bigdata      000000
__Lbigram                    bigram       000000
__Lbigsfr                    bigsfr       000000
__Lbss                       bss          000000
__Lcinit                     cinit        000000
__Lclrtext                   clrtext      000000
__Lcomram                    comram       000000
__Lconfig                    config       000000
__Lconst                     const        000000
__LcstackCOMRAM              cstackCOMRAM 000000
__Ldata                      data         000000
__Leeprom_data               eeprom_data  000000
__Lfarbss                    farbss       000000
__Lfardata                   fardata      000000
__Lheap                      heap         000000
__Libigdata                  ibigdata     000000
__Lidata                     idata        000000
__Lidloc                     idloc        000000
__Lifardata                  ifardata     000000
__Linit                      init         000000
__Lintcode                   intcode      000000
__Lintcode_body              intcode_body 000000
__Lintcodelo                 intcodelo    000000
__Lintentry                  intentry     000000
__Lintret                    intret       000000
__Lintsave_regs              intsave_regs 000000
__Lirdata                    irdata       000000
__Lmediumconst               mediumconst  000000
__LnvFARRAM                  nvFARRAM     000000
__Lnvbit                     nvbit        000000
__Lnvrram                    nvrram       000000
__Lparam                     rparam       000000
__Lpowerup                   powerup      000000
__Lram                       ram          000000
__Lramtop                    ramtop       000800
__Lrbit                      rbit         000000
__Lrbss                      rbss         000000
__Lrdata                     rdata        000000
__Lreset_vec                 reset_vec    000000
__Lrparam                    rparam       000000
__Lsfr                       sfr          000000
__Lsmallconst                smallconst   000000
__Lspace_0                   (abs)        000000
__Lspace_1                   (abs)        000000
__Lspace_2                   (abs)        000000
__Lspace_4                   (abs)        000000
__Lstack                     stack        000000
__Lstruct                    struct       000000
__Ltemp                      temp         000000
__Ltext                      text         000000
__Ltext0                     text0        000000
__Ltext1                     text1        000000
__Ltext10                    text10       000000
__Ltext11                    text11       000000
__Ltext2                     text2        000000
__Ltext3                     text3        000000
__Ltext4                     text4        000000
__Ltext5                     text5        000000
__Ltext6                     text6        000000
__Ltext7                     text7        000000
__Ltext8                     text8        000000
__Ltext9                     text9        000000
__S0                         (abs)        008000
__S1                         (abs)        00001A
__S4                         (abs)        000000
__S5                         (abs)        000000
___heap_hi                   (abs)        000000
___heap_lo                   (abs)        000000
___inthi_sp                  stack        000000
___intlo_sp                  stack        000000
___lldiv                     text11       007F5C
___lldiv@counter             cstackCOMRAM 00000D
___lldiv@dividend            cstackCOMRAM 000001
___lldiv@divisor             cstackCOMRAM 000005
___lldiv@quotient            cstackCOMRAM 000009
___param_bank                (abs)        000000
___rparam_used               (abs)        000001
___sp                        stack        000000
__accesstop                  (abs)        000060
__activetblptr               (abs)        000000
__end_of_I2C_Idle            text9        007E46
__end_of_I2C_Init_Master     text10       007F5C
__end_of_I2C_Read_Slave      text7        007D9A
__end_of_I2C_Reception       text8        007D88
__end_of_I2C_Restart         text4        007DAC
__end_of_I2C_Start           text6        007DC4
__end_of_I2C_Stop            text5        007DFE
__end_of_I2C_Write_Data      text3        007E84
__end_of_ReadPCF             text2        007E20
__end_of_WritePCF            text1        007DDC
__end_of___lldiv             text11       008000
__end_of__initialization     cinit        007D70
__end_of_main                text0        007EE8
__initialization             cinit        007D70
__mediumconst                mediumconst  000000
__pcinit                     cinit        007D70
__pcstackCOMRAM              cstackCOMRAM 000001
__ptext0                     text0        007E84
__ptext1                     text1        007DC4
__ptext10                    text10       007EE8
__ptext11                    text11       007F5C
__ptext2                     text2        007DFE
__ptext3                     text3        007E46
__ptext4                     text4        007D9A
__ptext5                     text5        007DDC
__ptext6                     text6        007DAC
__ptext7                     text7        007D88
__ptext8                     text8        007D76
__ptext9                     text9        007E20
__ramtop                     ramtop       000800
__smallconst                 smallconst   000000
_main                        text0        007E84
end_of_initialization        cinit        007D70
intlevel0                    text         000000
intlevel1                    text         000000
intlevel2                    text         000000
intlevel3                    text         000000
isa$std                      (abs)        000001
isa$xinst                    (abs)        000000
main@data_rec                cstackCOMRAM 000019
stackhi                      (abs)        000000
stacklo                      (abs)        000000
start                        init         000000
start_initialization         cinit        007D70


MODULE INFORMATION

Module		Function		Class		Link	Load	Size
./I2C_Lib.h
		_I2C_Reception 		CODE           	7D76	0000	18
		_I2C_Init_Master		CODE           	7EE8	0000	116
		_I2C_Idle      		CODE           	7E20	0000	38
		_I2C_Stop      		CODE           	7DDC	0000	34
		_I2C_Write_Data		CODE           	7E46	0000	62
		_I2C_Read_Slave		CODE           	7D88	0000	18
		_I2C_Start     		CODE           	7DAC	0000	24
		_I2C_Restart   		CODE           	7D9A	0000	18

./I2C_Lib.h estimated size: 328

C:\Program Files\Microchip\xc8\v2.36\pic\sources\c99\common\__lldiv.c
		___lldiv       		CODE           	7F5C	0000	164

C:\Program Files\Microchip\xc8\v2.36\pic\sources\c99\common\__lldiv.c estimated size: 164

shared
		__initialization		CODE           	7D70	0000	1

shared estimated size: 1

main.c
		_main          		CODE           	7E84	0000	100
		_ReadPCF       		CODE           	7DFE	0000	34
		_WritePCF      		CODE           	7DC4	0000	24

main.c estimated size: 158

