Microchip MPLAB XC8 Compiler V2.36

Linker command line:

-W-3 --edf=C:\Program Files\Microchip\xc8\v2.36\pic\dat\en_msgs.txt -cn \
  -h+dist/default/production\RTC_DS1307.X.production.sym \
  --cmf=dist/default/production\RTC_DS1307.X.production.cmf -z -Q18F4550 \
  -oC:\Users\Diego\AppData\Local\Temp\xcAsdec.4 --defsym=__MPLAB_BUILD=1 \
  -Mdist/default/production/RTC_DS1307.X.production.map \
  --md=C:\Users\Diego\AppData\Local\Temp\xcAsdec.dat -E1 -ver=XC8 Compiler \
  --acfsm=1493 -ACODE=00h-07FFFh -ACONST=00h-07FFFh \
  -ASMALLCONST=0800h-08FFhx120 -AMEDIUMCONST=0800h-07FFFh -ACOMRAM=01h-05Fh \
  -AABS1=00h-07FFh -ABIGRAM=01h-07FFh -ARAM=060h-0FFh,0100h-01FFhx7 \
  -ABANK0=060h-0FFh -ABANK1=0100h-01FFh -ABANK2=0200h-02FFh \
  -ABANK3=0300h-03FFh -ABANK4=0400h-04FFh -ABANK5=0500h-05FFh \
  -ABANK6=0600h-06FFh -ABANK7=0700h-07FFh -ASFR=0F60h-0FFFh \
  -ABIGSFR=0F60h-0FFFh -ACONFIG=0300000h-030000Dh -AIDLOC=0200000h-0200007h \
  -AEEDATA=0F00000h-0F000FFh -peeprom_data=EEDATA \
  -preset_vec=00h,intcode,intcodelo,powerup,init -pramtop=0800h \
  -psmallconst=SMALLCONST -pmediumconst=MEDIUMCONST -pconst=CONST \
  -AFARRAM=00h-00h \
  -prdata=COMRAM,nvrram=COMRAM,nvbit=COMRAM,rbss=COMRAM,rbit=COMRAM \
  -pfarbss=FARRAM,fardata=FARRAM,nvFARRAM=FARRAM \
  -pintsave_regs=BIGRAM,bigbss=BIGRAM,bigdata=BIGRAM -pbss=RAM \
  -pidata=CODE,irdata=CODE,ibigdata=CODE,ifardata=CODE -prparam=COMRAM \
  C:\Users\Diego\AppData\Local\Temp\xcAsdec.o \
  dist/default/production\RTC_DS1307.X.production.o 

Object code version is 3.11

Machine type is 18F4550



                Name                               Link     Load   Length Selector   Space Scale
C:\Users\Diego\AppData\Local\Temp\xcAsdec.o
                idloc                            200000   200000        8        0       5
                config                           300000   300000        E        0       4
                init                                  0        0        4        0       0
dist/default/production\RTC_DS1307.X.production.o
                idloc                            200000   200000        8        0       5
                config                           300000   300000        E        0       4
                smallconst                          800      800       44      400       0
                text39                             1E6E     1E6E       26      422       0
                text38                             1EEE     1EEE       18      F77       0
                text37                             1E94     1E94       22      422       0
                text36                             1F3E     1F3E       12      F77       0
                text35                             1CF2     1CF2       3E      422       0
                text34                             12B6     12B6      12C      422       0
                text33                             1F5E     1F5E        E      F77       0
                text32                             1B6A     1B6A       60      422       0
                text31                             1F50     1F50        E      F77       0
                text30                             19B2     19B2       7C      422       0
                text29                             159E     159E       C4      422       0
                text28                             17E0     17E0       B0      422       0
                text27                             1D6A     1D6A       3A      422       0
                text26                             1AA2     1AA2       66      422       0
                text25                             1890     1890       A4      422       0
                text24                             1A2E     1A2E       74      422       0
                text23                             1724     1724       BC      422       0
                text22                             1F06     1F06       14      F77       0
                text21                             1F2C     1F2C       12      F77       0
                text20                             1F1A     1F1A       12      F77       0
                text19                             1EB6     1EB6       1C      422       0
                text18                             1E12     1E12       36      422       0
                text17                             1E48     1E48       26      422       0
                text16                             1DA4     1DA4       38      422       0
                text15                             1C1C     1C1C       52      422       0
                text14                             1160     1160      156      422       0
                text13                              E74      E74      188      422       0
                text12                              FFC      FFC      164      422       0
                text11                             1CB2     1CB2       40      422       0
                text10                             1F6C     1F6C        2      F77       0
                text9                              14D4     14D4       CA      422       0
                text8                              1C6E     1C6E       44      422       0
                text7                              1DDC     1DDC       36      422       0
                text6                              1662     1662       C2      422       0
                text5                               B96      B96      2DE      422       0
                text4                               844      844      352      422       0
                text3                              1B08     1B08       62      422       0
                text2                              1BCA     1BCA       52      422       0
                text1                              1934     1934       7E      422       0
                text0                              13E2     13E2       F2      422       0
                cstackCOMRAM                          1        1       5D        1       1
                cstackBANK0                          A2       A2       17       60       1
                dataBANK0                            87       87       1B       60       1
                bssBANK0                             60       60       27       60       1
                bssCOMRAM                            5E       5E        2        1       1
                cinit                              1D30     1D30       3A      422       0
                idataBANK0                         1ED2     1ED2       1B      422       0

TOTAL           Name                               Link     Load   Length     Space
        CLASS   CODE           
                init                                  0        0        4         0
                text39                             1E6E     1E6E       26         0
                text38                             1EEE     1EEE       18         0
                text37                             1E94     1E94       22         0
                text36                             1F3E     1F3E       12         0
                text35                             1CF2     1CF2       3E         0
                text34                             12B6     12B6      12C         0
                text33                             1F5E     1F5E        E         0
                text32                             1B6A     1B6A       60         0
                text31                             1F50     1F50        E         0
                text30                             19B2     19B2       7C         0
                text29                             159E     159E       C4         0
                text28                             17E0     17E0       B0         0
                text27                             1D6A     1D6A       3A         0
                text26                             1AA2     1AA2       66         0
                text25                             1890     1890       A4         0
                text24                             1A2E     1A2E       74         0
                text23                             1724     1724       BC         0
                text22                             1F06     1F06       14         0
                text21                             1F2C     1F2C       12         0
                text20                             1F1A     1F1A       12         0
                text19                             1EB6     1EB6       1C         0
                text18                             1E12     1E12       36         0
                text17                             1E48     1E48       26         0
                text16                             1DA4     1DA4       38         0
                text15                             1C1C     1C1C       52         0
                text14                             1160     1160      156         0
                text13                              E74      E74      188         0
                text12                              FFC      FFC      164         0
                text11                             1CB2     1CB2       40         0
                text10                             1F6C     1F6C        2         0
                text9                              14D4     14D4       CA         0
                text8                              1C6E     1C6E       44         0
                text7                              1DDC     1DDC       36         0
                text6                              1662     1662       C2         0
                text5                               B96      B96      2DE         0
                text4                               844      844      352         0
                text3                              1B08     1B08       62         0
                text2                              1BCA     1BCA       52         0
                text1                              1934     1934       7E         0
                text0                              13E2     13E2       F2         0
                cinit                              1D30     1D30       3A         0
                idataBANK0                         1ED2     1ED2       1B         0

        CLASS   CONST          

        CLASS   SMALLCONST     
                smallconst                          800      800       44         0

        CLASS   MEDIUMCONST    

        CLASS   COMRAM         
                cstackCOMRAM                          1        1       5D         1
                bssCOMRAM                            5E       5E        2         1

        CLASS   ABS1           

        CLASS   BIGRAM         

        CLASS   RAM            

        CLASS   BANK0          
                cstackBANK0                          A2       A2       17         1
                dataBANK0                            87       87       1B         1
                bssBANK0                             60       60       27         1

        CLASS   BANK1          

        CLASS   BANK2          

        CLASS   BANK3          

        CLASS   BANK4          

        CLASS   BANK5          

        CLASS   BANK6          

        CLASS   BANK7          

        CLASS   SFR            

        CLASS   BIGSFR         

        CLASS   CONFIG         
                config                           300000   300000        E         4

        CLASS   IDLOC          
                idloc                            200000   200000        8         5

        CLASS   EEDATA         

        CLASS   FARRAM         

        CLASS   HEAP           

        CLASS   STACK          



SEGMENTS        Name                           Load    Length   Top    Selector   Space  Class

                reset_vec                      000000  000004  000004         0       0  CODE    
                cstackCOMRAM                   000001  00005F  000060         1       1  COMRAM  
                bssBANK0                       000060  000059  0000B9        60       1  BANK0   
                smallconst                     000800  000044  000844       400       0  SMALLCON
                text4                          000844  0016A9  001EED       422       0  CODE    
                text38                         001EEE  000080  001F6E       F77       0  CODE    


UNUSED ADDRESS RANGES

        Name                Unused          Largest block    Delta
        BANK0            0000B9-0000FF               47
        BANK1            000100-0001FF              100
        BANK2            000200-0002FF              100
        BANK3            000300-0003FF              100
        BANK4            000400-0004FF              100
        BANK5            000500-0005FF              100
        BANK6            000600-0006FF              100
        BANK7            000700-0007FF              100
        BIGRAM           0000B9-0007FF              747
        BIGSFR           000F60-000FFF               A0
        CODE             000004-0007FF              7FC
                         001EED-001EED                1
                         001F6E-007FFF             6092
        CONST            000004-0007FF              7FC
                         001EED-001EED                1
                         001F6E-007FFF             6092
        EEDATA           F00000-F000FF              100
        MEDIUMCONST      001EED-001EED                1
                         001F6E-007FFF             6092
        RAM              0000B9-0007FF              100
        SFR              000F60-000FFF               A0
        SMALLCONST       001EED-001EED                1
                         001F6E-007FFF              100

                                  Symbol Table

?___aodiv                    cstackCOMRAM 000001
?___aomod                    cstackCOMRAM 000001
?___awdiv                    cstackCOMRAM 000001
?___awmod                    cstackCOMRAM 000001
?___lldiv                    cstackCOMRAM 000001
?___wmul                     cstackCOMRAM 000001
?_abs                        cstackCOMRAM 000013
?_atoi                       cstackCOMRAM 000008
?_dtoa                       cstackCOMRAM 00001C
?_isdigit                    cstackCOMRAM 000001
?_isspace                    cstackCOMRAM 000001
?_pad                        cstackCOMRAM 000011
?_sprintf                    cstackBANK0  0000A2
?_strlen                     cstackCOMRAM 000001
?_vfpfcnvrt                  cstackCOMRAM 000040
?_vfprintf                   cstackCOMRAM 000054
ConfiRegRTC@data             cstackCOMRAM 000010
ConfiRegRTC@dato             cstackCOMRAM 00000D
ConfiRegRTC@dir              cstackCOMRAM 00000F
ConfiRegRTC@reg              cstackCOMRAM 00000E
I2C_Init_Master@interrupt_   cstackCOMRAM 000012
I2C_Init_Master@speed_master cstackCOMRAM 00000E
I2C_Read_Slave@dato          cstackCOMRAM 000002
I2C_Write_Data@dato          cstackCOMRAM 000002
Lcd_Char@letra               cstackCOMRAM 000004
Lcd_Cmd@cmd                  cstackCOMRAM 000004
Lcd_Out@text                 cstackCOMRAM 000005
Lcd_XY@x                     cstackCOMRAM 000005
Lcd_XY@y                     cstackCOMRAM 000008
_ACKDT                       (abs)        007E2D
_ACKEN                       (abs)        007E2C
_ACKSTAT                     (abs)        007E2E
_ADCON1                      (abs)        000FC1
_ConfiRegRTC                 text26       001AA2
_GIE                         (abs)        007F97
_I2C_Idle                    text39       001E6E
_I2C_Init_Master             text24       001A2E
_I2C_N_ACK                   text22       001F06
_I2C_Read_Slave              text20       001F1A
_I2C_Reception               text21       001F2C
_I2C_Restart                 text36       001F3E
_I2C_Start                   text38       001EEE
_I2C_Stop                    text37       001E94
_I2C_Write_Data              text35       001CF2
_LATDbits                    (abs)        000F8C
_Lcd_Char                    text33       001F5E
_Lcd_Cmd                     text31       001F50
_Lcd_Init                    text23       001724
_Lcd_Out                     text32       001B6A
_Lcd_XY                      text30       0019B2
_PEIE                        (abs)        007F96
_RCEN                        (abs)        007E2B
_SEN                         (abs)        007E28
_SSPADD                      (abs)        000FC8
_SSPBUF                      (abs)        000FC9
_SSPCON1                     (abs)        000FC6
_SSPCON2                     (abs)        000FC5
_SSPCON2bits                 (abs)        000FC5
_SSPIE                       (abs)        007CEB
_SSPIF                       (abs)        007CF3
_SSPSTAT                     (abs)        000FC7
_SSPSTATbits                 (abs)        000FC7
_TRISB                       (abs)        000F93
_TRISB0                      (abs)        007C98
_TRISB1                      (abs)        007C99
_TRISDbits                   (abs)        000F95
__HRAM                       (abs)        000000
__Habs1                      abs1         000000
__Hbank0                     bank0        000000
__Hbank1                     bank1        000000
__Hbank2                     bank2        000000
__Hbank3                     bank3        000000
__Hbank4                     bank4        000000
__Hbank5                     bank5        000000
__Hbank6                     bank6        000000
__Hbank7                     bank7        000000
__Hbigbss                    bigbss       000000
__Hbigdata                   bigdata      000000
__Hbigram                    bigram       000000
__Hbigsfr                    bigsfr       000000
__Hbss                       bss          000000
__HbssBANK0                  bssBANK0     000000
__HbssCOMRAM                 bssCOMRAM    000000
__Hcinit                     cinit        000000
__Hclrtext                   clrtext      000000
__Hcomram                    comram       000000
__Hconfig                    config       30000E
__Hconst                     const        000000
__HcstackBANK0               cstackBANK0  000000
__HcstackCOMRAM              cstackCOMRAM 000000
__Hdata                      data         000000
__HdataBANK0                 dataBANK0    000000
__Heeprom_data               eeprom_data  000000
__Hfarbss                    farbss       000000
__Hfardata                   fardata      000000
__Hheap                      heap         000000
__Hibigdata                  ibigdata     000000
__Hidata                     idata        000000
__HidataBANK0                idataBANK0   000000
__Hidloc                     idloc        200008
__Hifardata                  ifardata     000000
__Hinit                      init         000004
__Hintcode                   intcode      000000
__Hintcode_body              intcode_body 000000
__Hintcodelo                 intcodelo    000000
__Hintentry                  intentry     000000
__Hintret                    intret       000000
__Hintsave_regs              intsave_regs 000000
__Hirdata                    irdata       000000
__Hmediumconst               mediumconst  000000
__HnvFARRAM                  nvFARRAM     000000
__Hnvbit                     nvbit        000000
__Hnvrram                    nvrram       000000
__Hparam                     rparam       000000
__Hpowerup                   powerup      000000
__Hram                       ram          000000
__Hramtop                    ramtop       000800
__Hrbit                      rbit         000000
__Hrbss                      rbss         000000
__Hrdata                     rdata        000000
__Hreset_vec                 reset_vec    000000
__Hrparam                    rparam       000000
__Hsfr                       sfr          000000
__Hsmallconst                smallconst   000844
__Hspace_0                   (abs)        001F6E
__Hspace_1                   (abs)        0000B9
__Hspace_2                   (abs)        000000
__Hspace_4                   (abs)        60000E
__Hstack                     stack        000000
__Hstruct                    struct       000000
__Htemp                      temp         000000
__Htext                      text         000000
__Htext0                     text0        000000
__Htext1                     text1        000000
__Htext10                    text10       000000
__Htext11                    text11       000000
__Htext12                    text12       000000
__Htext13                    text13       000000
__Htext14                    text14       000000
__Htext15                    text15       000000
__Htext16                    text16       000000
__Htext17                    text17       000000
__Htext18                    text18       000000
__Htext19                    text19       000000
__Htext2                     text2        000000
__Htext20                    text20       000000
__Htext21                    text21       000000
__Htext22                    text22       000000
__Htext23                    text23       000000
__Htext24                    text24       000000
__Htext25                    text25       000000
__Htext26                    text26       000000
__Htext27                    text27       000000
__Htext28                    text28       000000
__Htext29                    text29       000000
__Htext3                     text3        000000
__Htext30                    text30       000000
__Htext31                    text31       000000
__Htext32                    text32       000000
__Htext33                    text33       000000
__Htext34                    text34       000000
__Htext35                    text35       000000
__Htext36                    text36       000000
__Htext37                    text37       000000
__Htext38                    text38       000000
__Htext39                    text39       000000
__Htext4                     text4        000000
__Htext5                     text5        000000
__Htext6                     text6        000000
__Htext7                     text7        000000
__Htext8                     text8        000000
__Htext9                     text9        000000
__LRAM                       (abs)        000001
__Labs1                      abs1         000000
__Lbank0                     bank0        000000
__Lbank1                     bank1        000000
__Lbank2                     bank2        000000
__Lbank3                     bank3        000000
__Lbank4                     bank4        000000
__Lbank5                     bank5        000000
__Lbank6                     bank6        000000
__Lbank7                     bank7        000000
__Lbigbss                    bigbss       000000
__Lbigdata                   bigdata      000000
__Lbigram                    bigram       000000
__Lbigsfr                    bigsfr       000000
__Lbss                       bss          000000
__LbssBANK0                  bssBANK0     000000
__LbssCOMRAM                 bssCOMRAM    000000
__Lcinit                     cinit        000000
__Lclrtext                   clrtext      000000
__Lcomram                    comram       000000
__Lconfig                    config       000000
__Lconst                     const        000000
__LcstackBANK0               cstackBANK0  000000
__LcstackCOMRAM              cstackCOMRAM 000000
__Ldata                      data         000000
__LdataBANK0                 dataBANK0    000000
__Leeprom_data               eeprom_data  000000
__Lfarbss                    farbss       000000
__Lfardata                   fardata      000000
__Lheap                      heap         000000
__Libigdata                  ibigdata     000000
__Lidata                     idata        000000
__LidataBANK0                idataBANK0   000000
__Lidloc                     idloc        000000
__Lifardata                  ifardata     000000
__Linit                      init         000000
__Lintcode                   intcode      000000
__Lintcode_body              intcode_body 000000
__Lintcodelo                 intcodelo    000000
__Lintentry                  intentry     000000
__Lintret                    intret       000000
__Lintsave_regs              intsave_regs 000000
__Lirdata                    irdata       000000
__Lmediumconst               mediumconst  000000
__LnvFARRAM                  nvFARRAM     000000
__Lnvbit                     nvbit        000000
__Lnvrram                    nvrram       000000
__Lparam                     rparam       000000
__Lpowerup                   powerup      000000
__Lram                       ram          000000
__Lramtop                    ramtop       000800
__Lrbit                      rbit         000000
__Lrbss                      rbss         000000
__Lrdata                     rdata        000000
__Lreset_vec                 reset_vec    000000
__Lrparam                    rparam       000000
__Lsfr                       sfr          000000
__Lsmallconst                smallconst   000800
__Lspace_0                   (abs)        000000
__Lspace_1                   (abs)        000000
__Lspace_2                   (abs)        000000
__Lspace_4                   (abs)        000000
__Lstack                     stack        000000
__Lstruct                    struct       000000
__Ltemp                      temp         000000
__Ltext                      text         000000
__Ltext0                     text0        000000
__Ltext1                     text1        000000
__Ltext10                    text10       000000
__Ltext11                    text11       000000
__Ltext12                    text12       000000
__Ltext13                    text13       000000
__Ltext14                    text14       000000
__Ltext15                    text15       000000
__Ltext16                    text16       000000
__Ltext17                    text17       000000
__Ltext18                    text18       000000
__Ltext19                    text19       000000
__Ltext2                     text2        000000
__Ltext20                    text20       000000
__Ltext21                    text21       000000
__Ltext22                    text22       000000
__Ltext23                    text23       000000
__Ltext24                    text24       000000
__Ltext25                    text25       000000
__Ltext26                    text26       000000
__Ltext27                    text27       000000
__Ltext28                    text28       000000
__Ltext29                    text29       000000
__Ltext3                     text3        000000
__Ltext30                    text30       000000
__Ltext31                    text31       000000
__Ltext32                    text32       000000
__Ltext33                    text33       000000
__Ltext34                    text34       000000
__Ltext35                    text35       000000
__Ltext36                    text36       000000
__Ltext37                    text37       000000
__Ltext38                    text38       000000
__Ltext39                    text39       000000
__Ltext4                     text4        000000
__Ltext5                     text5        000000
__Ltext6                     text6        000000
__Ltext7                     text7        000000
__Ltext8                     text8        000000
__Ltext9                     text9        000000
__S0                         (abs)        001F6E
__S1                         (abs)        0000B9
__S4                         (abs)        000000
__S5                         (abs)        000000
___aodiv                     text13       000E74
___aodiv@counter             cstackCOMRAM 000011
___aodiv@dividend            cstackCOMRAM 000001
___aodiv@divisor             cstackCOMRAM 000009
___aodiv@quotient            cstackCOMRAM 000013
___aodiv@sign                cstackCOMRAM 000012
___aomod                     text12       000FFC
___aomod@counter             cstackCOMRAM 000011
___aomod@dividend            cstackCOMRAM 000001
___aomod@divisor             cstackCOMRAM 000009
___aomod@sign                cstackCOMRAM 000012
___awdiv                     text29       00159E
___awdiv@counter             cstackCOMRAM 000005
___awdiv@dividend            cstackCOMRAM 000001
___awdiv@divisor             cstackCOMRAM 000003
___awdiv@quotient            cstackCOMRAM 000007
___awdiv@sign                cstackCOMRAM 000006
___awmod                     text28       0017E0
___awmod@counter             cstackCOMRAM 000005
___awmod@dividend            cstackCOMRAM 000001
___awmod@divisor             cstackCOMRAM 000003
___awmod@sign                cstackCOMRAM 000006
___heap_hi                   (abs)        000000
___heap_lo                   (abs)        000000
___inthi_sp                  stack        000000
___intlo_sp                  stack        000000
___lldiv                     text25       001890
___lldiv@counter             cstackCOMRAM 00000D
___lldiv@dividend            cstackCOMRAM 000001
___lldiv@divisor             cstackCOMRAM 000005
___lldiv@quotient            cstackCOMRAM 000009
___param_bank                (abs)        000000
___rparam_used               (abs)        000001
___sp                        stack        000000
___wmul                      text17       001E48
___wmul@multiplicand         cstackCOMRAM 000003
___wmul@multiplier           cstackCOMRAM 000001
___wmul@product              cstackCOMRAM 000005
__accesstop                  (abs)        000060
__activetblptr               (abs)        000002
__end_of_ConfiRegRTC         text26       001B08
__end_of_I2C_Idle            text39       001E94
__end_of_I2C_Init_Master     text24       001AA2
__end_of_I2C_N_ACK           text22       001F1A
__end_of_I2C_Read_Slave      text20       001F2C
__end_of_I2C_Reception       text21       001F3E
__end_of_I2C_Restart         text36       001F50
__end_of_I2C_Start           text38       001F06
__end_of_I2C_Stop            text37       001EB6
__end_of_I2C_Write_Data      text35       001D30
__end_of_Lcd_Char            text33       001F6C
__end_of_Lcd_Cmd             text31       001F5E
__end_of_Lcd_Init            text23       0017E0
__end_of_Lcd_Out             text32       001BCA
__end_of_Lcd_XY              text30       001A2E
__end_of___aodiv             text13       000FFC
__end_of___aomod             text12       001160
__end_of___awdiv             text29       001662
__end_of___awmod             text28       001890
__end_of___lldiv             text25       001934
__end_of___wmul              text17       001E6E
__end_of__initialization     cinit        001D60
__end_of_abs                 text11       001CF2
__end_of_atoi                text14       0012B6
__end_of_bcd_bin_convert     text19       001ED2
__end_of_bin_bcd_convert     text27       001DA4
__end_of_dtoa                text5        000E74
__end_of_enviar_dato         text34       0013E2
__end_of_fputc               text9        00159E
__end_of_fputs               text8        001CB2
__end_of_getDataDs1307       text18       001E48
__end_of_isdigit             text16       001DDC
__end_of_isspace             text15       001C6E
__end_of_main                text0        0014D4
__end_of_pad                 text6        001724
__end_of_putch               text10       001F6E
__end_of_readDs1307_sprintf  text1        0019B2
__end_of_sprintf             text2        001C1C
__end_of_strlen              text7        001E12
__end_of_vfpfcnvrt           text4        000B96
__end_of_vfprintf            text3        001B6A
__initialization             cinit        001D30
__mediumconst                mediumconst  000000
__pbssBANK0                  bssBANK0     000060
__pbssCOMRAM                 bssCOMRAM    00005E
__pcinit                     cinit        001D30
__pcstackBANK0               cstackBANK0  0000A2
__pcstackCOMRAM              cstackCOMRAM 000001
__pdataBANK0                 dataBANK0    000087
__pidataBANK0                idataBANK0   001ED2
__psmallconst                smallconst   000800
__ptext0                     text0        0013E2
__ptext1                     text1        001934
__ptext10                    text10       001F6C
__ptext11                    text11       001CB2
__ptext12                    text12       000FFC
__ptext13                    text13       000E74
__ptext14                    text14       001160
__ptext15                    text15       001C1C
__ptext16                    text16       001DA4
__ptext17                    text17       001E48
__ptext18                    text18       001E12
__ptext19                    text19       001EB6
__ptext2                     text2        001BCA
__ptext20                    text20       001F1A
__ptext21                    text21       001F2C
__ptext22                    text22       001F06
__ptext23                    text23       001724
__ptext24                    text24       001A2E
__ptext25                    text25       001890
__ptext26                    text26       001AA2
__ptext27                    text27       001D6A
__ptext28                    text28       0017E0
__ptext29                    text29       00159E
__ptext3                     text3        001B08
__ptext30                    text30       0019B2
__ptext31                    text31       001F50
__ptext32                    text32       001B6A
__ptext33                    text33       001F5E
__ptext34                    text34       0012B6
__ptext35                    text35       001CF2
__ptext36                    text36       001F3E
__ptext37                    text37       001E94
__ptext38                    text38       001EEE
__ptext39                    text39       001E6E
__ptext4                     text4        000844
__ptext5                     text5        000B96
__ptext6                     text6        001662
__ptext7                     text7        001DDC
__ptext8                     text8        001C6E
__ptext9                     text9        0014D4
__ramtop                     ramtop       000800
__smallconst                 smallconst   000800
_abs                         text11       001CB2
_atoi                        text14       001160
_aux                         dataBANK0    00008E
_bcd_bin_convert             text19       001EB6
_bin_bcd_convert             text27       001D6A
_data                        dataBANK0    000087
_dbuf                        bssBANK0     000067
_dtoa                        text5        000B96
_dtoa$978                    cstackCOMRAM 00002E
_enviar_dato                 text34       0012B6
_flags                       bssCOMRAM    00005E
_fputc                       text9        0014D4
_fputs                       text8        001C6E
_getDataDs1307               text18       001E12
_isdigit                     text16       001DA4
_isspace                     text15       001C1C
_isspace$1027                cstackCOMRAM 000007
_main                        text0        0013E2
_nout                        bssBANK0     000060
_pad                         text6        001662
_prec                        bssBANK0     000064
_putch                       text10       001F6C
_readDs1307_sprintf          text1        001934
_registrosRTC                bssBANK0     000066
_sprintf                     text2        001BCA
_strlen                      text7        001DDC
_vfpfcnvrt                   text4        000844
_vfprintf                    text3        001B08
_width                       bssBANK0     000062
abs@a                        cstackCOMRAM 000013
atoi@n                       cstackCOMRAM 000010
atoi@neg                     cstackCOMRAM 00000E
atoi@s                       cstackCOMRAM 000008
bcd_bin_convert@dato         cstackCOMRAM 000002
bin_bcd_convert@data         cstackCOMRAM 00000B
bin_bcd_convert@dato         cstackCOMRAM 00000C
dtoa@d                       cstackCOMRAM 00001E
dtoa@fp                      cstackCOMRAM 00001C
dtoa@i                       cstackCOMRAM 00003E
dtoa@n                       cstackCOMRAM 000036
dtoa@p                       cstackCOMRAM 000030
dtoa@s                       cstackCOMRAM 000034
dtoa@w                       cstackCOMRAM 000032
end_of_initialization        cinit        001D60
enviar_dato@cmd              cstackCOMRAM 000003
fputc@c                      cstackCOMRAM 000001
fputc@fp                     cstackCOMRAM 000003
fputs@c                      cstackCOMRAM 00000E
fputs@fp                     cstackCOMRAM 00000C
fputs@i                      cstackCOMRAM 00000F
fputs@s                      cstackCOMRAM 00000A
getDataDs1307@data           cstackCOMRAM 000004
getDataDs1307@dato           cstackCOMRAM 000003
intlevel0                    text         000000
intlevel1                    text         000000
intlevel2                    text         000000
intlevel3                    text         000000
isa$std                      (abs)        000001
isa$xinst                    (abs)        000000
isdigit@c                    cstackCOMRAM 000001
isspace@c                    cstackCOMRAM 000001
pad@buf                      cstackCOMRAM 000013
pad@fp                       cstackCOMRAM 000011
pad@i                        cstackCOMRAM 000018
pad@p                        cstackCOMRAM 000015
pad@w                        cstackCOMRAM 00001A
sprintf@ap                   cstackBANK0  0000AC
sprintf@f                    cstackBANK0  0000AE
sprintf@fmt                  cstackBANK0  0000A4
sprintf@s                    cstackBANK0  0000A2
stackhi                      (abs)        000000
stacklo                      (abs)        000000
start                        init         000000
start_initialization         cinit        001D30
strlen@a                     cstackCOMRAM 000003
strlen@s                     cstackCOMRAM 000001
vfpfcnvrt@ap                 cstackCOMRAM 000044
vfpfcnvrt@done               cstackCOMRAM 000052
vfpfcnvrt@fmt                cstackCOMRAM 000042
vfpfcnvrt@fp                 cstackCOMRAM 000040
vfpfcnvrt@ll                 cstackCOMRAM 00004A
vfprintf@ap                  cstackCOMRAM 000058
vfprintf@cfmt                cstackCOMRAM 00005A
vfprintf@fmt                 cstackCOMRAM 000056
vfprintf@fp                  cstackCOMRAM 000054


MODULE INFORMATION

Module		Function		Class		Link	Load	Size
C:\Program Files\Microchip\xc8\v2.36\pic\sources\c99\common\putch.c
		_putch         		CODE           	1F6C	0000	2

C:\Program Files\Microchip\xc8\v2.36\pic\sources\c99\common\putch.c estimated size: 2

C:\Program Files\Microchip\xc8\v2.36\pic\sources\c99\common\nf_fputs.c
		_fputs         		CODE           	1C6E	0000	68

C:\Program Files\Microchip\xc8\v2.36\pic\sources\c99\common\nf_fputs.c estimated size: 68

C:\Program Files\Microchip\xc8\v2.36\pic\sources\c99\common\aomod.c
		___aomod       		CODE           	0FFC	0000	356

C:\Program Files\Microchip\xc8\v2.36\pic\sources\c99\common\aomod.c estimated size: 356

./lib_lcd_20x4.h
		_Lcd_Init      		CODE           	1724	0000	188
		_Lcd_Out       		CODE           	1B6A	0000	96
		_Lcd_XY        		CODE           	19B2	0000	124
		_Lcd_Cmd       		CODE           	1F50	0000	14
		_Lcd_Char      		CODE           	1F5E	0000	14
		_enviar_dato   		CODE           	12B6	0000	300

./lib_lcd_20x4.h estimated size: 736

C:\Program Files\Microchip\xc8\v2.36\pic\sources\c99\common\atoi.c
		_atoi          		CODE           	1160	0000	342

C:\Program Files\Microchip\xc8\v2.36\pic\sources\c99\common\atoi.c estimated size: 342

./I2C_Lib.h
		_I2C_Reception 		CODE           	1F2C	0000	18
		_I2C_Init_Master		CODE           	1A2E	0000	116
		_I2C_Idle      		CODE           	1E6E	0000	38
		_I2C_Stop      		CODE           	1E94	0000	34
		_I2C_Write_Data		CODE           	1CF2	0000	62
		_I2C_N_ACK     		CODE           	1F06	0000	20
		_I2C_Read_Slave		CODE           	1F1A	0000	18
		_I2C_Start     		CODE           	1EEE	0000	24
		_I2C_Restart   		CODE           	1F3E	0000	18

./I2C_Lib.h estimated size: 348

C:\Program Files\Microchip\xc8\v2.36\pic\sources\c99\common\awmod.c
		___awmod       		CODE           	17E0	0000	176

C:\Program Files\Microchip\xc8\v2.36\pic\sources\c99\common\awmod.c estimated size: 176

C:\Program Files\Microchip\xc8\v2.36\pic\sources\c99\common\nf_sprintf.c
		_sprintf       		CODE           	1BCA	0000	82

C:\Program Files\Microchip\xc8\v2.36\pic\sources\c99\common\nf_sprintf.c estimated size: 82

C:\Program Files\Microchip\xc8\v2.36\pic\sources\c99\common\isspace.c
		_isspace       		CODE           	1C1C	0000	82

C:\Program Files\Microchip\xc8\v2.36\pic\sources\c99\common\isspace.c estimated size: 82

C:\Program Files\Microchip\xc8\v2.36\pic\sources\c99\common\strlen.c
		_strlen        		CODE           	1DDC	0000	54

C:\Program Files\Microchip\xc8\v2.36\pic\sources\c99\common\strlen.c estimated size: 54

C:\Program Files\Microchip\xc8\v2.36\pic\sources\c99\common\__lldiv.c
		___lldiv       		CODE           	1890	0000	164

C:\Program Files\Microchip\xc8\v2.36\pic\sources\c99\common\__lldiv.c estimated size: 164

C:\Program Files\Microchip\xc8\v2.36\pic\sources\c99\common\aodiv.c
		___aodiv       		CODE           	0E74	0000	392

C:\Program Files\Microchip\xc8\v2.36\pic\sources\c99\common\aodiv.c estimated size: 392

C:\Program Files\Microchip\xc8\v2.36\pic\sources\c99\common\nf_fputc.c
		_fputc         		CODE           	14D4	0000	202

C:\Program Files\Microchip\xc8\v2.36\pic\sources\c99\common\nf_fputc.c estimated size: 202

C:\Program Files\Microchip\xc8\v2.36\pic\sources\c99\common\isdigit.c
		_isdigit       		CODE           	1DA4	0000	56

C:\Program Files\Microchip\xc8\v2.36\pic\sources\c99\common\isdigit.c estimated size: 56

C:\Program Files\Microchip\xc8\v2.36\pic\sources\c99\common\awdiv.c
		___awdiv       		CODE           	159E	0000	196

C:\Program Files\Microchip\xc8\v2.36\pic\sources\c99\common\awdiv.c estimated size: 196

C:\Program Files\Microchip\xc8\v2.36\pic\sources\c99\common\doprnt.c
		_vfpfcnvrt     		CODE           	0844	0000	850
		_pad           		CODE           	1662	0000	194
		_dtoa          		CODE           	0B96	0000	734
		_vfprintf      		CODE           	1B08	0000	98

C:\Program Files\Microchip\xc8\v2.36\pic\sources\c99\common\doprnt.c estimated size: 1876

shared
		__initialization		CODE           	1D30	0000	48

shared estimated size: 48

C:\Program Files\Microchip\xc8\v2.36\pic\sources\c99\common\abs.c
		_abs           		CODE           	1CB2	0000	64

C:\Program Files\Microchip\xc8\v2.36\pic\sources\c99\common\abs.c estimated size: 64

main.c
		_main          		CODE           	13E2	0000	242
		_ConfiRegRTC   		CODE           	1AA2	0000	102
		_getDataDs1307 		CODE           	1E12	0000	54
		_bin_bcd_convert		CODE           	1D6A	0000	58
		_readDs1307_sprintf		CODE           	1934	0000	126
		_bcd_bin_convert		CODE           	1EB6	0000	28

main.c estimated size: 610

C:\Program Files\Microchip\xc8\v2.36\pic\sources\c99\common\Umul16.c
		___wmul        		CODE           	1E48	0000	38

C:\Program Files\Microchip\xc8\v2.36\pic\sources\c99\common\Umul16.c estimated size: 38

